
/Users/bpmj/dev/bitcore/packages/bitcore-build/index.js
  3:14  error  A `require()` style import is forbidden               @typescript-eslint/no-require-imports
  4:16  error  A `require()` style import is forbidden               @typescript-eslint/no-require-imports
  5:15  error  A `require()` style import is forbidden               @typescript-eslint/no-require-imports
  6:16  error  A `require()` style import is forbidden               @typescript-eslint/no-require-imports
  7:12  error  A `require()` style import is forbidden               @typescript-eslint/no-require-imports
  7:12  error  `fs` import should occur before import of `gulp`      import/order
  8:14  error  A `require()` style import is forbidden               @typescript-eslint/no-require-imports
  8:14  error  `path` import should occur before import of `gulp`    import/order
  9:16  error  A `require()` style import is forbidden               @typescript-eslint/no-require-imports
  9:16  error  `assert` import should occur before import of `gulp`  import/order

/Users/bpmj/dev/bitcore/packages/bitcore-build/karma.conf.js
   5:3   warning  Unexpected var, use let or const instead  no-var
   5:12  error    A `require()` style import is forbidden   @typescript-eslint/no-require-imports
   6:3   warning  Unexpected var, use let or const instead  no-var
   6:14  error    A `require()` style import is forbidden   @typescript-eslint/no-require-imports
   8:3   warning  Unexpected var, use let or const instead  no-var
  14:14  error    'err' is defined but never used           @typescript-eslint/no-unused-vars
  23:14  error    'err' is defined but never used           @typescript-eslint/no-unused-vars

/Users/bpmj/dev/bitcore/packages/bitcore-build/wdio.conf.js
    3:12  error  A `require()` style import is forbidden   @typescript-eslint/no-require-imports
    4:12  error  A `require()` style import is forbidden   @typescript-eslint/no-require-imports
    5:14  error  A `require()` style import is forbidden   @typescript-eslint/no-require-imports
  325:24  error  'exitCode' is defined but never used      @typescript-eslint/no-unused-vars
  325:34  error  'config' is defined but never used        @typescript-eslint/no-unused-vars
  325:42  error  'capabilities' is defined but never used  @typescript-eslint/no-unused-vars
  325:56  error  'results' is defined but never used       @typescript-eslint/no-unused-vars

✖ 24 problems (21 errors, 3 warnings)
  3 errors and 3 warnings potentially fixable with the `--fix` option.

