
> @bitpay-labs/bitcore-build@11.10.4 test
> node --test test/*.test.cjs

TAP version 13
# Subtest: under a hoisted (npm workspaces) layout, the helper resolves tools from its own location, produces real bundles, and Karma/WDIO discover them
ok 1 - under a hoisted (npm workspaces) layout, the helper resolves tools from its own location, produces real bundles, and Karma/WDIO discover them
  ---
  duration_ms: 299.65525
  type: 'test'
  ...
# Subtest: the helper also resolves tools, bundles, and bundle discovery when tools are nested per-consumer (a plain, non-workspaces npm install), protecting external users of bitcore-build
ok 2 - the helper also resolves tools, bundles, and bundle discovery when tools are nested per-consumer (a plain, non-workspaces npm install), protecting external users of bitcore-build
  ---
  duration_ms: 277.602
  type: 'test'
  ...
# Subtest: tool invocation, bundling, and bundle discovery survive a checkout path containing a space
ok 3 - tool invocation, bundling, and bundle discovery survive a checkout path containing a space
  ---
  duration_ms: 741.371792
  type: 'test'
  ...
1..3
# tests 3
# suites 0
# pass 3
# fail 0
# cancelled 0
# skipped 0
# todo 0
# duration_ms 1461.723625
