
> test:bitcore-mnemonic
> cd ./packages/bitcore-mnemonic && npm run test


> @bitpay-labs/bitcore-mnemonic@11.10.4 test
> gulp test

[14:23:43] Using gulpfile ~/dev/bitcore/packages/bitcore-mnemonic/gulpfile.js
[14:23:43] Starting 'test'...


  Mnemonic
    ✔ chinese wordlist is complete
    ✔ chinese (simplified) wordlist is complete
    ✔ chinese (traditional) wordlist is complete
    ✔ czech wordlist is complete
    ✔ english wordlist is complete
    ✔ french wordlist is complete
    ✔ italian wordlist is complete
    ✔ japanese wordlist is complete
    ✔ korean wordlist is complete
    ✔ portuguese wordlist is complete
    ✔ russian wordlist is complete
    ✔ spanish wordlist is complete
    ✔ turkish wordlist is complete
    ✔ allows use different phrase lengths
    ✔ validates a phrase
    ✔ has a toString method
    ✔ has an inspect method
    ✔ derives a seed without a passphrase
    ✔ derives a seed using a passphrase
    ✔ derives an extended private key
    ✔ derives an extended private key for keyType ed25519
    ✔ deriving an extended private key should fail for invalid seed
    ✔ Mnemonic.fromSeed should fail with invalid wordlist
    ✔ Mnemonic.fromSeed should fail with invalid seed
    ✔ should fail with invalid entropy
    ✔ should pass test vector for english #0
    ✔ should pass test vector for english #1
    ✔ should pass test vector for english #2
    ✔ should pass test vector for english #3
    ✔ should pass test vector for english #4
    ✔ should pass test vector for english #5
    ✔ should pass test vector for english #6
    ✔ should pass test vector for english #7
    ✔ should pass test vector for english #8
    ✔ should pass test vector for english #9
    ✔ should pass test vector for english #10
    ✔ should pass test vector for english #11
    ✔ should pass test vector for english #12
    ✔ should pass test vector for english #13
    ✔ should pass test vector for english #14
    ✔ should pass test vector for english #15
    ✔ should pass test vector for english #16
    ✔ should pass test vector for english #17
    ✔ should pass test vector for english #18
    ✔ should pass test vector for english #19
    ✔ should pass test vector for english #20
    ✔ should pass test vector for english #21
    ✔ should pass test vector for english #22
    ✔ should pass test vector for english #23
    ✔ should pass test vector for chinese_simplified #0
    ✔ should pass test vector for chinese_simplified #1
    ✔ should pass test vector for chinese_simplified #2
    ✔ should pass test vector for chinese_simplified #3
    ✔ should pass test vector for chinese_simplified #4
    ✔ should pass test vector for chinese_simplified #5
    ✔ should pass test vector for chinese_simplified #6
    ✔ should pass test vector for chinese_simplified #7
    ✔ should pass test vector for chinese_simplified #8
    ✔ should pass test vector for chinese_simplified #9
    ✔ should pass test vector for chinese_simplified #10
    ✔ should pass test vector for chinese_simplified #11
    ✔ should pass test vector for chinese_simplified #12
    ✔ should pass test vector for chinese_simplified #13
    ✔ should pass test vector for chinese_simplified #14
    ✔ should pass test vector for chinese_simplified #15
    ✔ should pass test vector for chinese_simplified #16
    ✔ should pass test vector for chinese_simplified #17
    ✔ should pass test vector for chinese_simplified #18
    ✔ should pass test vector for chinese_simplified #19
    ✔ should pass test vector for chinese_simplified #20
    ✔ should pass test vector for chinese_simplified #21
    ✔ should pass test vector for chinese_simplified #22
    ✔ should pass test vector for chinese_simplified #23
    ✔ should pass test vector for chinese_traditional #0
    ✔ should pass test vector for chinese_traditional #1
    ✔ should pass test vector for chinese_traditional #2
    ✔ should pass test vector for chinese_traditional #3
    ✔ should pass test vector for chinese_traditional #4
    ✔ should pass test vector for chinese_traditional #5
    ✔ should pass test vector for chinese_traditional #6
    ✔ should pass test vector for chinese_traditional #7
    ✔ should pass test vector for chinese_traditional #8
    ✔ should pass test vector for chinese_traditional #9
    ✔ should pass test vector for chinese_traditional #10
    ✔ should pass test vector for chinese_traditional #11
    ✔ should pass test vector for chinese_traditional #12
    ✔ should pass test vector for chinese_traditional #13
    ✔ should pass test vector for chinese_traditional #14
    ✔ should pass test vector for chinese_traditional #15
    ✔ should pass test vector for chinese_traditional #16
    ✔ should pass test vector for chinese_traditional #17
    ✔ should pass test vector for chinese_traditional #18
    ✔ should pass test vector for chinese_traditional #19
    ✔ should pass test vector for chinese_traditional #20
    ✔ should pass test vector for chinese_traditional #21
    ✔ should pass test vector for chinese_traditional #22
    ✔ should pass test vector for chinese_traditional #23
    ✔ should pass test vector for czech #0
    ✔ should pass test vector for czech #1
    ✔ should pass test vector for czech #2
    ✔ should pass test vector for czech #3
    ✔ should pass test vector for czech #4
    ✔ should pass test vector for czech #5
    ✔ should pass test vector for czech #6
    ✔ should pass test vector for czech #7
    ✔ should pass test vector for czech #8
    ✔ should pass test vector for czech #9
    ✔ should pass test vector for czech #10
    ✔ should pass test vector for czech #11
    ✔ should pass test vector for czech #12
    ✔ should pass test vector for czech #13
    ✔ should pass test vector for czech #14
    ✔ should pass test vector for czech #15
    ✔ should pass test vector for czech #16
    ✔ should pass test vector for czech #17
    ✔ should pass test vector for czech #18
    ✔ should pass test vector for czech #19
    ✔ should pass test vector for czech #20
    ✔ should pass test vector for czech #21
    ✔ should pass test vector for czech #22
    ✔ should pass test vector for czech #23
    ✔ should pass test vector for french #0
    ✔ should pass test vector for french #1
    ✔ should pass test vector for french #2
    ✔ should pass test vector for french #3
    ✔ should pass test vector for french #4
    ✔ should pass test vector for french #5
    ✔ should pass test vector for french #6
    ✔ should pass test vector for french #7
    ✔ should pass test vector for french #8
    ✔ should pass test vector for french #9
    ✔ should pass test vector for french #10
    ✔ should pass test vector for french #11
    ✔ should pass test vector for french #12
    ✔ should pass test vector for french #13
    ✔ should pass test vector for french #14
    ✔ should pass test vector for french #15
    ✔ should pass test vector for french #16
    ✔ should pass test vector for french #17
    ✔ should pass test vector for french #18
    ✔ should pass test vector for french #19
    ✔ should pass test vector for french #20
    ✔ should pass test vector for french #21
    ✔ should pass test vector for french #22
    ✔ should pass test vector for french #23
    ✔ should pass test vector for italian #0
    ✔ should pass test vector for italian #1
    ✔ should pass test vector for italian #2
    ✔ should pass test vector for italian #3
    ✔ should pass test vector for italian #4
    ✔ should pass test vector for italian #5
    ✔ should pass test vector for italian #6
    ✔ should pass test vector for italian #7
    ✔ should pass test vector for italian #8
    ✔ should pass test vector for italian #9
    ✔ should pass test vector for italian #10
    ✔ should pass test vector for italian #11
    ✔ should pass test vector for italian #12
    ✔ should pass test vector for italian #13
    ✔ should pass test vector for italian #14
    ✔ should pass test vector for italian #15
    ✔ should pass test vector for italian #16
    ✔ should pass test vector for italian #17
    ✔ should pass test vector for italian #18
    ✔ should pass test vector for italian #19
    ✔ should pass test vector for italian #20
    ✔ should pass test vector for italian #21
    ✔ should pass test vector for italian #22
    ✔ should pass test vector for italian #23
    ✔ should pass test vector for japanese #0
    ✔ should pass test vector for japanese #1
    ✔ should pass test vector for japanese #2
    ✔ should pass test vector for japanese #3
    ✔ should pass test vector for japanese #4
    ✔ should pass test vector for japanese #5
    ✔ should pass test vector for japanese #6
    ✔ should pass test vector for japanese #7
    ✔ should pass test vector for japanese #8
    ✔ should pass test vector for japanese #9
    ✔ should pass test vector for japanese #10
    ✔ should pass test vector for japanese #11
    ✔ should pass test vector for japanese #12
    ✔ should pass test vector for japanese #13
    ✔ should pass test vector for japanese #14
    ✔ should pass test vector for japanese #15
    ✔ should pass test vector for japanese #16
    ✔ should pass test vector for japanese #17
    ✔ should pass test vector for japanese #18
    ✔ should pass test vector for japanese #19
    ✔ should pass test vector for japanese #20
    ✔ should pass test vector for japanese #21
    ✔ should pass test vector for japanese #22
    ✔ should pass test vector for japanese #23
    ✔ should pass test vector for korean #0
    ✔ should pass test vector for korean #1
    ✔ should pass test vector for korean #2
    ✔ should pass test vector for korean #3
    ✔ should pass test vector for korean #4
    ✔ should pass test vector for korean #5
    ✔ should pass test vector for korean #6
    ✔ should pass test vector for korean #7
    ✔ should pass test vector for korean #8
    ✔ should pass test vector for korean #9
    ✔ should pass test vector for korean #10
    ✔ should pass test vector for korean #11
    ✔ should pass test vector for korean #12
    ✔ should pass test vector for korean #13
    ✔ should pass test vector for korean #14
    ✔ should pass test vector for korean #15
    ✔ should pass test vector for korean #16
    ✔ should pass test vector for korean #17
    ✔ should pass test vector for korean #18
    ✔ should pass test vector for korean #19
    ✔ should pass test vector for korean #20
    ✔ should pass test vector for korean #21
    ✔ should pass test vector for korean #22
    ✔ should pass test vector for korean #23
    ✔ should pass test vector for portuguese #0
    ✔ should pass test vector for portuguese #1
    ✔ should pass test vector for portuguese #2
    ✔ should pass test vector for portuguese #3
    ✔ should pass test vector for portuguese #4
    ✔ should pass test vector for portuguese #5
    ✔ should pass test vector for portuguese #6
    ✔ should pass test vector for portuguese #7
    ✔ should pass test vector for portuguese #8
    ✔ should pass test vector for portuguese #9
    ✔ should pass test vector for portuguese #10
    ✔ should pass test vector for portuguese #11
    ✔ should pass test vector for portuguese #12
    ✔ should pass test vector for portuguese #13
    ✔ should pass test vector for portuguese #14
    ✔ should pass test vector for portuguese #15
    ✔ should pass test vector for portuguese #16
    ✔ should pass test vector for portuguese #17
    ✔ should pass test vector for portuguese #18
    ✔ should pass test vector for portuguese #19
    ✔ should pass test vector for portuguese #20
    ✔ should pass test vector for portuguese #21
    ✔ should pass test vector for portuguese #22
    ✔ should pass test vector for portuguese #23
    ✔ should pass test vector for spanish #0
    ✔ should pass test vector for spanish #1
    ✔ should pass test vector for spanish #2
    ✔ should pass test vector for spanish #3
    ✔ should pass test vector for spanish #4
    ✔ should pass test vector for spanish #5
    ✔ should pass test vector for spanish #6
    ✔ should pass test vector for spanish #7
    ✔ should pass test vector for spanish #8
    ✔ should pass test vector for spanish #9
    ✔ should pass test vector for spanish #10
    ✔ should pass test vector for spanish #11
    ✔ should pass test vector for spanish #12
    ✔ should pass test vector for spanish #13
    ✔ should pass test vector for spanish #14
    ✔ should pass test vector for spanish #15
    ✔ should pass test vector for spanish #16
    ✔ should pass test vector for spanish #17
    ✔ should pass test vector for spanish #18
    ✔ should pass test vector for spanish #19
    ✔ should pass test vector for spanish #20
    ✔ should pass test vector for spanish #21
    ✔ should pass test vector for spanish #22
    ✔ should pass test vector for spanish #23
    ✔ should pass test vector for russian #0
    ✔ should pass test vector for russian #1
    ✔ should pass test vector for russian #2
    ✔ should pass test vector for russian #3
    ✔ should pass test vector for russian #4
    ✔ should pass test vector for russian #5
    ✔ should pass test vector for russian #6
    ✔ should pass test vector for russian #7
    ✔ should pass test vector for russian #8
    ✔ should pass test vector for russian #9
    ✔ should pass test vector for russian #10
    ✔ should pass test vector for russian #11
    ✔ should pass test vector for russian #12
    ✔ should pass test vector for russian #13
    ✔ should pass test vector for russian #14
    ✔ should pass test vector for russian #15
    ✔ should pass test vector for russian #16
    ✔ should pass test vector for russian #17
    ✔ should pass test vector for russian #18
    ✔ should pass test vector for russian #19
    ✔ should pass test vector for russian #20
    ✔ should pass test vector for russian #21
    ✔ should pass test vector for russian #22
    ✔ should pass test vector for russian #23
    ✔ should pass test vector for turkish #0
    ✔ should pass test vector for turkish #1
    ✔ should pass test vector for turkish #2
    ✔ should pass test vector for turkish #3
    ✔ should pass test vector for turkish #4
    ✔ should pass test vector for turkish #5
    ✔ should pass test vector for turkish #6
    ✔ should pass test vector for turkish #7
    ✔ should pass test vector for turkish #8
    ✔ should pass test vector for turkish #9
    ✔ should pass test vector for turkish #10
    ✔ should pass test vector for turkish #11
    ✔ should pass test vector for turkish #12
    ✔ should pass test vector for turkish #13
    ✔ should pass test vector for turkish #14
    ✔ should pass test vector for turkish #15
    ✔ should pass test vector for turkish #16
    ✔ should pass test vector for turkish #17
    ✔ should pass test vector for turkish #18
    ✔ should pass test vector for turkish #19
    ✔ should pass test vector for turkish #20
    ✔ should pass test vector for turkish #21
    ✔ should pass test vector for turkish #22
    ✔ should pass test vector for turkish #23
    Constructor
      ✔ does not require new keyword
      ✔ should fail with invalid data
      ✔ should fail with unknown word list
      ✔ should fail with invalid mnemonic
      ✔ should fail with invalid ENT
      ✔ constructor should fail with invalid seed
      ✔ constructor defaults to english worldlist
      ✔ allow using different worldlists
      ✔ constructor honor both length and wordlist
      ✔ constructor should detect standard wordlist

  pbkdf2
    ✔ passes test vector 1
    ✔ passes test vector 2
    ✔ passes test vector 3
    ✔ passes test vector 4


  327 passing (3s)


=============================== Coverage summary ===============================
Statements   : 95.93% ( 189/197 )
Branches     : 84.44% ( 76/90 )
Functions    : 100% ( 13/13 )
Lines        : 96.21% ( 178/185 )
================================================================================

Execution of 1 workers started at 2026-09-07T18:23:48.300Z

2026-09-07T18:23:48.736Z ERROR webdriver: Failed downloading chromedriver v150.0.7871.187 using {"cacheDir":"/var/folders/f7/yknfv21d71xchryp2k7g8l1r0000gp/T","buildId":"150.0.7871.187","platform":"mac_arm","browser":"chromedriver","unpack":true}: Got status code 404, retrying ...
Error: Error: Error: Got status code 404
Failed downloading chromedriver v150.0.7871.187 using {"cacheDir":"/var/folders/f7/yknfv21d71xchryp2k7g8l1r0000gp/T","buildId":"150.0.7871.187","platform":"mac_arm","browser":"chromedriver","unpack":true}: Got status code 404
    at file:///Users/bpmj/dev/bitcore/packages/bitcore-build/node_modules/@wdio/utils/build/node.js:100:13
    at process.processTicksAndRejections (node:internal/process/task_queues:105:5)
    at async _install (file:///Users/bpmj/dev/bitcore/packages/bitcore-build/node_modules/@wdio/utils/build/node.js:96:3)
    at async _install (file:///Users/bpmj/dev/bitcore/packages/bitcore-build/node_modules/@wdio/utils/build/node.js:96:3)
    at async setupChromedriver (file:///Users/bpmj/dev/bitcore/packages/bitcore-build/node_modules/@wdio/utils/build/node.js:211:7)
    at async Promise.all (index 0)
    at async Promise.all (index 0)
    at async Launcher.run (file:///Users/bpmj/dev/bitcore/packages/bitcore-build/node_modules/@wdio/cli/build/index.js:2222:7)
Error: Error: Got status code 404
Failed downloading chromedriver v150.0.7871.187 using {"cacheDir":"/var/folders/f7/yknfv21d71xchryp2k7g8l1r0000gp/T","buildId":"150.0.7871.187","platform":"mac_arm","browser":"chromedriver","unpack":true}: Got status code 404
    at file:///Users/bpmj/dev/bitcore/packages/bitcore-build/node_modules/@wdio/utils/build/node.js:100:13
    at process.processTicksAndRejections (node:internal/process/task_queues:105:5)
    at async _install (file:///Users/bpmj/dev/bitcore/packages/bitcore-build/node_modules/@wdio/utils/build/node.js:96:3)
    at async _install (file:///Users/bpmj/dev/bitcore/packages/bitcore-build/node_modules/@wdio/utils/build/node.js:96:3)
    at async setupChromedriver (file:///Users/bpmj/dev/bitcore/packages/bitcore-build/node_modules/@wdio/utils/build/node.js:211:7)
    at async Promise.all (index 0)
    at async Promise.all (index 0)
    at async Launcher.run (file:///Users/bpmj/dev/bitcore/packages/bitcore-build/node_modules/@wdio/cli/build/index.js:2222:7)
[14:23:49] The following tasks did not complete: test
[14:23:49] Did you forget to signal async completion?
/Users/bpmj/dev/bitcore/packages/bitcore-build/node_modules/async-done/index.js:18
    throw err;
    ^

Error [ERR_UNHANDLED_ERROR]: Unhandled error. ({
  uid: 4,
  name: '<anonymous>',
  branch: false,
  error: [PluginError: Command `"/Users/bpmj/dev/bitcore/packages/bitcore-build/node_modules/@wdio/cli/bin/wdio.js" run "/Users/bpmj/dev/bitcore/packages/bitcore-build/wdio.conf.js"` failed with exit code 1] {
    plugin: 'gulp-shell',
    showProperties: true,
    showStack: false,
    __safety: { toString: [Function: bound ] }
  },
  duration: [ 1, 122067416 ],
  time: 1788805429041
})
    at Gulp.emit (node:events:507:17)
    at Gulp.emit (node:domain:489:12)
    at Object.error (/Users/bpmj/dev/bitcore/packages/bitcore-build/node_modules/undertaker/lib/helpers/createExtensions.js:61:10)
    at handler (/Users/bpmj/dev/bitcore/packages/bitcore-build/node_modules/now-and-later/lib/mapSeries.js:47:14)
    at f (/Users/bpmj/dev/bitcore/packages/bitcore-build/node_modules/once/once.js:25:25)
    at f (/Users/bpmj/dev/bitcore/packages/bitcore-build/node_modules/once/once.js:25:25)
    at tryCatch (/Users/bpmj/dev/bitcore/packages/bitcore-build/node_modules/async-done/index.js:24:15)
    at done (/Users/bpmj/dev/bitcore/packages/bitcore-build/node_modules/async-done/index.js:40:12)
    at /Users/bpmj/dev/bitcore/packages/bitcore-build/node_modules/async/dist/async.js:473:16
    at iterateeCallback (/Users/bpmj/dev/bitcore/packages/bitcore-build/node_modules/async/dist/async.js:988:17) {
  code: 'ERR_UNHANDLED_ERROR',
  context: {
    uid: 4,
    name: '<anonymous>',
    branch: false,
    error: [PluginError: Command `"/Users/bpmj/dev/bitcore/packages/bitcore-build/node_modules/@wdio/cli/bin/wdio.js" run "/Users/bpmj/dev/bitcore/packages/bitcore-build/wdio.conf.js"` failed with exit code 1] {
      plugin: 'gulp-shell',
      showProperties: true,
      showStack: false,
      __safety: { toString: [Function: bound ] }
    },
    duration: [ 1, 122067416 ],
    time: 1788805429041
  }
}

Node.js v22.16.0
