
> test:bitcore-p2p-cash
> cd ./packages/bitcore-p2p-cash && npm run test


> @bitpay-labs/bitcore-p2p-cash@11.10.4 test
> gulp test

[14:24:25] Using gulpfile ~/dev/bitcore/packages/bitcore-p2p-cash/gulpfile.js
[14:24:25] Starting 'test'...


  BloomFilter
    ✔ #fromBuffer and #toBuffer round trip
    ✔ serialize filter with public keys added
    ✔ serialize to a buffer
    ✔ deserialize a buffer
    ✔ #toBuffer and #fromBuffer round trip, with a large filter

  Buffers
    ✔ set buffers to empty if "i" is greater than the total length
    ✔ set buffers to empty if "i" is equal than the total length
    ✔ do not skip if "i" is zero
    ✔ remove part of the first buffer
    ✔ remove the first three buffers
    ✔ remove part of the fourth buffer

  Inventory
    @constructor
      ✔ create inventory
      ✔ error with string hash
    #forItem
      ✔ handle a string hash (reversed)
    #forBlock
      ✔ use correct block type
    #forFilteredBlock
      ✔ use correct filtered block type
    #forTransaction
      ✔ use correct filtered tx type
    #toBuffer
      ✔ serialize correctly
    #toBufferWriter
      ✔ write to a buffer writer
    #fromBuffer
      ✔ deserialize a buffer
    #fromBufferWriter
      ✔ deserialize from a buffer reader

  Messages Builder
    @constructor
      ✔ should return commands based on default
      ✔ should return commands with customizations

  Command Messages
    Addr
      ✔ should error if arg is not an array of addrs
      ✔ should instantiate with an array of addrs
    Alert
      ✔ should accept a transaction instance as an argument
    Transaction
      ✔ should accept a transaction instance as an argument
      ✔ should create a transaction instance
      ✔ version should remain the same
    Block
      ✔ should accept a block instance as an argument
    Pong
      ✔ should error if nonce is not a buffer
      ✔ should error if nonce buffer has invalid length
      ✔ should set a nonce if not included
    Ping
      ✔ should error if nonce is not a buffer
      ✔ should error if nonce buffer has invalid length
      ✔ should set a nonce if not included
    FilterAdd
      ✔ should error if arg is not a buffer
    FilterLoad
      ✔ should return a null payload
      ✔ should error if filter is not a bloom filter
    Inventory
      ✔ should error if arg is not an array
      ✔ should not error if arg is an empty array
      ✔ should error if arg is not an array of inventory objects
    Transaction
      ✔ should be able to pass a custom Transaction
      ✔ should work with Transaction.fromBuffer
    Block
      ✔ should be able to pass a custom Block
    GetBlocks
      ✔ should error with invalid stop
    GetHeaders
      ✔ should error with invalid stop
    Headers
      ✔ should error if arg is not an array
      ✔ should error if arg is an empty array
      ✔ should error if arg is not an array of BlockHeaders
    MerkleBlock
      ✔ should return null buffer for payload
      ✔ should error if merkleBlock is not a MerkleBlock
    Reject
      ✔ should set properties from arg in constructor
      ✔ should let arg be optional in constructor
      ✔ should write payload correctly
    Version
      ✔ should set the default relay property as true
      ✔ should set the relay as false
      ✔ should set the relay as true

  Messages
    @constructor
      ✔ sets properties correctly
      ✔ network should be unique for each set of messages
    @constructor for all command messages
      ✔ message.Version
      ✔ message.VerAck
      ✔ message.Ping
      ✔ message.Pong
      ✔ message.Block
      ✔ message.Transaction
      ✔ message.GetData
      ✔ message.Headers
      ✔ message.NotFound
      ✔ message.Inventory
      ✔ message.Addresses
      ✔ message.Alert
      ✔ message.Reject
      ✔ message.MerkleBlock
      ✔ message.FilterLoad
      ✔ message.FilterAdd
      ✔ message.FilterClear
      ✔ message.GetBlocks
      ✔ message.GetHeaders
      ✔ message.SendHeaders
      ✔ message.MemPool
      ✔ message.GetAddr
      ✔ message.Xversion
    #fromBuffer/#toBuffer round trip for all commands
      ✔ Version
      ✔ VerAck
      ✔ Ping
      ✔ Pong
      ✔ Block
      ✔ Transaction
      ✔ GetData
      ✔ Headers
      ✔ NotFound
      ✔ Inventory
      ✔ Addresses
      ✔ Alert
      ✔ Reject
      ✔ MerkleBlock
      ✔ FilterLoad
      ✔ FilterAdd
      ✔ FilterClear
      ✔ GetBlocks
      ✔ GetHeaders
      ✔ SendHeaders
      ✔ MemPool
      ✔ GetAddr
    Default Network
      ✔ Version
      ✔ VerAck
      ✔ Ping
      ✔ Pong
      ✔ Block
      ✔ Transaction
      ✔ GetData
      ✔ Headers
      ✔ NotFound
      ✔ Inventory
      ✔ Addresses
      ✔ Alert
      ✔ Reject
      ✔ MerkleBlock
      ✔ FilterLoad
      ✔ FilterAdd
      ✔ FilterClear
      ✔ GetBlocks
      ✔ GetHeaders
      ✔ SendHeaders
      ✔ MemPool
      ✔ GetAddr
      ✔ Xversion
    messages.Version
      ✔ #fromBuffer works w/o fRelay arg
      ✔ #relay setting works
    Inventory Helpers
      #forTransaction
        ✔ GetData
        ✔ Inventory
        ✔ NotFound
      #forBlock
        ✔ GetData
        ✔ Inventory
        ✔ NotFound
      #forFilteredBlock
        ✔ GetData
        ✔ Inventory
        ✔ NotFound
    #parseBuffer
      ✔ fails with invalid command
      ✔ ignores malformed messages
    #add
      ✔ should add a custom message

  Message
    @constructor
      ✔ construct with magic number and command
    #toBuffer
      ✔ serialize to a buffer

  Message Utils
    checkFinished
      ✔ should throw an error if buffer reader is not finished
    sanitizeStartStop
      ✔ should throw an error if starts is invalid length
      ✔ should keep buffers as buffers

  Peer
    ✔ create instance
    ✔ create instance setting a port
    1) create instance setting a network
    ✔ create instance setting port and network
    ✔ create instance without new
    ✔ set a proxy
    ✔ send pong on ping
    ✔ relay error from socket
    ✔ will not disconnect twice on disconnect and error
    ✔ disconnect with max buffer length
    ✔ emits an error on unknown messages
    ✔ should send version on version if not already sent
    ✔ should not send version on version if already sent
    ✔ relay set properly
    ✔ relay setting respected
    ✔ version/subversion set properly
    2) version/subversion settings respected
    Integration test
      ✔ parses this stream of data from a connection

  Pool
    ✔ create instance
    ✔ create instance setting the network
    ✔ discover peers via dns
    ✔ optionally connect without dns seeds
    ✔ will add addrs via options argument
    ✔ add new addrs as they are announced over the network
    ✔ can optionally not listen to new addrs messages
    ✔ propagate connect, ready, and disconnect peer events
    ✔ propagate relay property to peers
    ✔ output the console correctly
    ✔ emit seederrors with error
    ✔ emit seederrors with notfound
    ✔ send message to all peers
    ✔ not call _fillConnections if keepalive is false on seed
    ✔ keep original time for handling peeraddr messages
    ✔ replace time if time is invalid on peeraddr messages
    #_removeConnectedPeer
      ✔ disconnect peer if peer status is not disconnected
    #_connectPeer
      ✔ connect ipv6 peer
      ✔ will pass network to peer
    #_addConnectedPeer
      ✔ should add a peer
      ✔ should not already added peer
      ✔ will pass network to peer
    #listen
      ✔ create a server
      ✔ should handle an ipv6 connection
      ✔ include port for addr on incoming connections
      ✔ should handle an ipv4 connection


  189 passing (113ms)
  2 failing

  1) Peer
       create instance setting a network:
     TypeError: Cannot read properties of undefined (reading 'should')
      at Context.<anonymous> (test/peer.js:90:15)
      at process.processImmediate (node:internal/timers:485:21)

  2) Peer
       version/subversion settings respected:
     Uncaught 
  AggregateError [ECONNREFUSED]: 
      at internalConnectMultiple (node:net:1139:18)
      at afterConnectMultiple (node:net:1714:7)




=============================== Coverage summary ===============================
Statements   : 99.9% ( 1056/1057 )
Branches     : 100% ( 220/220 )
Functions    : 98.69% ( 151/153 )
Lines        : 99.9% ( 1035/1036 )
================================================================================
[14:24:26] 'test' errored after 1.07 s
[14:24:26] [31mError[39m in plugin "[36mgulp-shell[39m"
Message:
    Command `"/Users/bpmj/dev/bitcore/packages/bitcore-build/node_modules/nyc/bin/nyc.js" "/Users/bpmj/dev/bitcore/packages/bitcore-build/node_modules/mocha/bin/mocha.js" -- --recursive` failed with exit code 2
