[verify:links] resolution report (45 internal edge(s)):
  - @bitpay-labs/bitcore-mnemonic <- packages/bitcore-cli: lexical=/Users/bpmj/dev/bitcore/packages/bitcore-cli/node_modules/@bitpay-labs/bitcore-mnemonic real=/Users/bpmj/dev/bitcore/packages/bitcore-mnemonic
  - @bitpay-labs/bitcore-wallet-client <- packages/bitcore-cli: lexical=/Users/bpmj/dev/bitcore/packages/bitcore-cli/node_modules/@bitpay-labs/bitcore-wallet-client real=/Users/bpmj/dev/bitcore/packages/bitcore-wallet-client
  - @bitpay-labs/crypto-wallet-core <- packages/bitcore-cli: lexical=/Users/bpmj/dev/bitcore/packages/bitcore-cli/node_modules/@bitpay-labs/crypto-wallet-core real=/Users/bpmj/dev/bitcore/packages/crypto-wallet-core
  - @bitpay-labs/bitcore-wallet-service <- packages/bitcore-cli: lexical=/Users/bpmj/dev/bitcore/packages/bitcore-cli/node_modules/@bitpay-labs/bitcore-wallet-service real=/Users/bpmj/dev/bitcore/packages/bitcore-wallet-service
  - @bitpay-labs/bitcore-mnemonic <- packages/bitcore-client: lexical=/Users/bpmj/dev/bitcore/packages/bitcore-client/node_modules/@bitpay-labs/bitcore-mnemonic real=/Users/bpmj/dev/bitcore/packages/bitcore-mnemonic
  - @bitpay-labs/crypto-wallet-core <- packages/bitcore-client: lexical=/Users/bpmj/dev/bitcore/packages/bitcore-client/node_modules/@bitpay-labs/crypto-wallet-core real=/Users/bpmj/dev/bitcore/packages/crypto-wallet-core
  - @bitpay-labs/bitcore-build <- packages/bitcore-lib: lexical=/Users/bpmj/dev/bitcore/packages/bitcore-lib/node_modules/@bitpay-labs/bitcore-build real=/Users/bpmj/dev/bitcore/packages/bitcore-build
  - @bitpay-labs/bitcore-build <- packages/bitcore-lib-cash: lexical=/Users/bpmj/dev/bitcore/packages/bitcore-lib-cash/node_modules/@bitpay-labs/bitcore-build real=/Users/bpmj/dev/bitcore/packages/bitcore-build
  - @bitpay-labs/bitcore-build <- packages/bitcore-lib-doge: lexical=/Users/bpmj/dev/bitcore/packages/bitcore-lib-doge/node_modules/@bitpay-labs/bitcore-build real=/Users/bpmj/dev/bitcore/packages/bitcore-build
  - @bitpay-labs/bitcore-build <- packages/bitcore-lib-ltc: lexical=/Users/bpmj/dev/bitcore/packages/bitcore-lib-ltc/node_modules/@bitpay-labs/bitcore-build real=/Users/bpmj/dev/bitcore/packages/bitcore-build
  - @bitpay-labs/bitcore-lib <- packages/bitcore-mnemonic: lexical=/Users/bpmj/dev/bitcore/packages/bitcore-mnemonic/node_modules/@bitpay-labs/bitcore-lib real=/Users/bpmj/dev/bitcore/packages/bitcore-lib
  - @bitpay-labs/bitcore-build <- packages/bitcore-mnemonic: lexical=/Users/bpmj/dev/bitcore/packages/bitcore-mnemonic/node_modules/@bitpay-labs/bitcore-build real=/Users/bpmj/dev/bitcore/packages/bitcore-build
  - @bitpay-labs/bitcore-client <- packages/bitcore-node: lexical=/Users/bpmj/dev/bitcore/packages/bitcore-node/node_modules/@bitpay-labs/bitcore-client real=/Users/bpmj/dev/bitcore/packages/bitcore-client
  - @bitpay-labs/bitcore-lib <- packages/bitcore-node: lexical=/Users/bpmj/dev/bitcore/packages/bitcore-node/node_modules/@bitpay-labs/bitcore-lib real=/Users/bpmj/dev/bitcore/packages/bitcore-lib
  - @bitpay-labs/bitcore-lib-cash <- packages/bitcore-node: lexical=/Users/bpmj/dev/bitcore/packages/bitcore-node/node_modules/@bitpay-labs/bitcore-lib-cash real=/Users/bpmj/dev/bitcore/packages/bitcore-lib-cash
  - @bitpay-labs/bitcore-lib-doge <- packages/bitcore-node: lexical=/Users/bpmj/dev/bitcore/packages/bitcore-node/node_modules/@bitpay-labs/bitcore-lib-doge real=/Users/bpmj/dev/bitcore/packages/bitcore-lib-doge
  - @bitpay-labs/bitcore-lib-ltc <- packages/bitcore-node: lexical=/Users/bpmj/dev/bitcore/packages/bitcore-node/node_modules/@bitpay-labs/bitcore-lib-ltc real=/Users/bpmj/dev/bitcore/packages/bitcore-lib-ltc
  - @bitpay-labs/bitcore-logging <- packages/bitcore-node: lexical=/Users/bpmj/dev/bitcore/packages/bitcore-node/node_modules/@bitpay-labs/bitcore-logging real=/Users/bpmj/dev/bitcore/packages/bitcore-logging
  - @bitpay-labs/bitcore-p2p <- packages/bitcore-node: lexical=/Users/bpmj/dev/bitcore/packages/bitcore-node/node_modules/@bitpay-labs/bitcore-p2p real=/Users/bpmj/dev/bitcore/packages/bitcore-p2p
  - @bitpay-labs/bitcore-p2p-cash <- packages/bitcore-node: lexical=/Users/bpmj/dev/bitcore/packages/bitcore-node/node_modules/@bitpay-labs/bitcore-p2p-cash real=/Users/bpmj/dev/bitcore/packages/bitcore-p2p-cash
  - @bitpay-labs/bitcore-p2p-doge <- packages/bitcore-node: lexical=/Users/bpmj/dev/bitcore/packages/bitcore-node/node_modules/@bitpay-labs/bitcore-p2p-doge real=/Users/bpmj/dev/bitcore/packages/bitcore-p2p-doge
  - @bitpay-labs/bitcore-wallet-client <- packages/bitcore-node: lexical=/Users/bpmj/dev/bitcore/packages/bitcore-node/node_modules/@bitpay-labs/bitcore-wallet-client real=/Users/bpmj/dev/bitcore/packages/bitcore-wallet-client
  - @bitpay-labs/crypto-rpc <- packages/bitcore-node: lexical=/Users/bpmj/dev/bitcore/packages/bitcore-node/node_modules/@bitpay-labs/crypto-rpc real=/Users/bpmj/dev/bitcore/packages/crypto-rpc
  - @bitpay-labs/crypto-wallet-core <- packages/bitcore-node: lexical=/Users/bpmj/dev/bitcore/packages/bitcore-node/node_modules/@bitpay-labs/crypto-wallet-core real=/Users/bpmj/dev/bitcore/packages/crypto-wallet-core
  - @bitpay-labs/bitcore-lib <- packages/bitcore-p2p: lexical=/Users/bpmj/dev/bitcore/packages/bitcore-p2p/node_modules/@bitpay-labs/bitcore-lib real=/Users/bpmj/dev/bitcore/packages/bitcore-lib
  - @bitpay-labs/bitcore-build <- packages/bitcore-p2p: lexical=/Users/bpmj/dev/bitcore/packages/bitcore-p2p/node_modules/@bitpay-labs/bitcore-build real=/Users/bpmj/dev/bitcore/packages/bitcore-build
  - @bitpay-labs/bitcore-lib <- packages/bitcore-p2p-cash: lexical=/Users/bpmj/dev/bitcore/packages/bitcore-p2p-cash/node_modules/@bitpay-labs/bitcore-lib real=/Users/bpmj/dev/bitcore/packages/bitcore-lib
  - @bitpay-labs/bitcore-lib-cash <- packages/bitcore-p2p-cash: lexical=/Users/bpmj/dev/bitcore/packages/bitcore-p2p-cash/node_modules/@bitpay-labs/bitcore-lib-cash real=/Users/bpmj/dev/bitcore/packages/bitcore-lib-cash
  - @bitpay-labs/bitcore-build <- packages/bitcore-p2p-cash: lexical=/Users/bpmj/dev/bitcore/packages/bitcore-p2p-cash/node_modules/@bitpay-labs/bitcore-build real=/Users/bpmj/dev/bitcore/packages/bitcore-build
  - @bitpay-labs/bitcore-lib-doge <- packages/bitcore-p2p-doge: lexical=/Users/bpmj/dev/bitcore/packages/bitcore-p2p-doge/node_modules/@bitpay-labs/bitcore-lib-doge real=/Users/bpmj/dev/bitcore/packages/bitcore-lib-doge
  - @bitpay-labs/bitcore-build <- packages/bitcore-p2p-doge: lexical=/Users/bpmj/dev/bitcore/packages/bitcore-p2p-doge/node_modules/@bitpay-labs/bitcore-build real=/Users/bpmj/dev/bitcore/packages/bitcore-build
  - @bitpay-labs/bitcore-lib <- packages/bitcore-tss: lexical=/Users/bpmj/dev/bitcore/packages/bitcore-tss/node_modules/@bitpay-labs/bitcore-lib real=/Users/bpmj/dev/bitcore/packages/bitcore-lib
  - @bitpay-labs/crypto-wallet-core <- packages/bitcore-tss: lexical=/Users/bpmj/dev/bitcore/packages/bitcore-tss/node_modules/@bitpay-labs/crypto-wallet-core real=/Users/bpmj/dev/bitcore/packages/crypto-wallet-core
  - @bitpay-labs/bitcore-mnemonic <- packages/bitcore-wallet-client: lexical=/Users/bpmj/dev/bitcore/packages/bitcore-wallet-client/node_modules/@bitpay-labs/bitcore-mnemonic real=/Users/bpmj/dev/bitcore/packages/bitcore-mnemonic
  - @bitpay-labs/bitcore-tss <- packages/bitcore-wallet-client: lexical=/Users/bpmj/dev/bitcore/packages/bitcore-wallet-client/node_modules/@bitpay-labs/bitcore-tss real=/Users/bpmj/dev/bitcore/packages/bitcore-tss
  - @bitpay-labs/crypto-wallet-core <- packages/bitcore-wallet-client: lexical=/Users/bpmj/dev/bitcore/packages/bitcore-wallet-client/node_modules/@bitpay-labs/crypto-wallet-core real=/Users/bpmj/dev/bitcore/packages/crypto-wallet-core
  - @bitpay-labs/bitcore-wallet-service <- packages/bitcore-wallet-client: lexical=/Users/bpmj/dev/bitcore/packages/bitcore-wallet-client/node_modules/@bitpay-labs/bitcore-wallet-service real=/Users/bpmj/dev/bitcore/packages/bitcore-wallet-service
  - @bitpay-labs/bitcore-logging <- packages/bitcore-wallet-service: lexical=/Users/bpmj/dev/bitcore/packages/bitcore-wallet-service/node_modules/@bitpay-labs/bitcore-logging real=/Users/bpmj/dev/bitcore/packages/bitcore-logging
  - @bitpay-labs/bitcore-tss <- packages/bitcore-wallet-service: lexical=/Users/bpmj/dev/bitcore/packages/bitcore-wallet-service/node_modules/@bitpay-labs/bitcore-tss real=/Users/bpmj/dev/bitcore/packages/bitcore-tss
  - @bitpay-labs/crypto-wallet-core <- packages/bitcore-wallet-service: lexical=/Users/bpmj/dev/bitcore/packages/bitcore-wallet-service/node_modules/@bitpay-labs/crypto-wallet-core real=/Users/bpmj/dev/bitcore/packages/crypto-wallet-core
  - @bitpay-labs/crypto-wallet-core <- packages/crypto-rpc: lexical=/Users/bpmj/dev/bitcore/packages/crypto-rpc/node_modules/@bitpay-labs/crypto-wallet-core real=/Users/bpmj/dev/bitcore/packages/crypto-wallet-core
  - @bitpay-labs/bitcore-lib <- packages/crypto-wallet-core: lexical=/Users/bpmj/dev/bitcore/packages/crypto-wallet-core/node_modules/@bitpay-labs/bitcore-lib real=/Users/bpmj/dev/bitcore/packages/bitcore-lib
  - @bitpay-labs/bitcore-lib-cash <- packages/crypto-wallet-core: lexical=/Users/bpmj/dev/bitcore/packages/crypto-wallet-core/node_modules/@bitpay-labs/bitcore-lib-cash real=/Users/bpmj/dev/bitcore/packages/bitcore-lib-cash
  - @bitpay-labs/bitcore-lib-doge <- packages/crypto-wallet-core: lexical=/Users/bpmj/dev/bitcore/packages/crypto-wallet-core/node_modules/@bitpay-labs/bitcore-lib-doge real=/Users/bpmj/dev/bitcore/packages/bitcore-lib-doge
  - @bitpay-labs/bitcore-lib-ltc <- packages/crypto-wallet-core: lexical=/Users/bpmj/dev/bitcore/packages/crypto-wallet-core/node_modules/@bitpay-labs/bitcore-lib-ltc real=/Users/bpmj/dev/bitcore/packages/bitcore-lib-ltc
[verify:links] FAIL (29 problem(s)):
[links] Internal workspace "@bitpay-labs/bitcore-mnemonic" is reachable through multiple distinct lexical symlink aliases from different consumers.
    workspace: @bitpay-labs/bitcore-mnemonic
    consumer: packages/bitcore-cli
    expected: "/Users/bpmj/dev/bitcore/packages/bitcore-mnemonic"
    observed: {"packages/bitcore-cli":"/Users/bpmj/dev/bitcore/packages/bitcore-cli/node_modules/@bitpay-labs/bitcore-mnemonic","packages/bitcore-client":"/Users/bpmj/dev/bitcore/packages/bitcore-client/node_modules/@bitpay-labs/bitcore-mnemonic"}
[links] Internal workspace "@bitpay-labs/bitcore-mnemonic" is reachable through multiple distinct lexical symlink aliases from different consumers.
    workspace: @bitpay-labs/bitcore-mnemonic
    consumer: packages/bitcore-cli
    expected: "/Users/bpmj/dev/bitcore/packages/bitcore-mnemonic"
    observed: {"packages/bitcore-cli":"/Users/bpmj/dev/bitcore/packages/bitcore-cli/node_modules/@bitpay-labs/bitcore-mnemonic","packages/bitcore-wallet-client":"/Users/bpmj/dev/bitcore/packages/bitcore-wallet-client/node_modules/@bitpay-labs/bitcore-mnemonic"}
[links] Internal workspace "@bitpay-labs/bitcore-wallet-client" is reachable through multiple distinct lexical symlink aliases from different consumers.
    workspace: @bitpay-labs/bitcore-wallet-client
    consumer: packages/bitcore-cli
    expected: "/Users/bpmj/dev/bitcore/packages/bitcore-wallet-client"
    observed: {"packages/bitcore-cli":"/Users/bpmj/dev/bitcore/packages/bitcore-cli/node_modules/@bitpay-labs/bitcore-wallet-client","packages/bitcore-node":"/Users/bpmj/dev/bitcore/packages/bitcore-node/node_modules/@bitpay-labs/bitcore-wallet-client"}
[links] Internal workspace "@bitpay-labs/crypto-wallet-core" is reachable through multiple distinct lexical symlink aliases from different consumers.
    workspace: @bitpay-labs/crypto-wallet-core
    consumer: packages/bitcore-cli
    expected: "/Users/bpmj/dev/bitcore/packages/crypto-wallet-core"
    observed: {"packages/bitcore-cli":"/Users/bpmj/dev/bitcore/packages/bitcore-cli/node_modules/@bitpay-labs/crypto-wallet-core","packages/bitcore-client":"/Users/bpmj/dev/bitcore/packages/bitcore-client/node_modules/@bitpay-labs/crypto-wallet-core"}
[links] Internal workspace "@bitpay-labs/crypto-wallet-core" is reachable through multiple distinct lexical symlink aliases from different consumers.
    workspace: @bitpay-labs/crypto-wallet-core
    consumer: packages/bitcore-cli
    expected: "/Users/bpmj/dev/bitcore/packages/crypto-wallet-core"
    observed: {"packages/bitcore-cli":"/Users/bpmj/dev/bitcore/packages/bitcore-cli/node_modules/@bitpay-labs/crypto-wallet-core","packages/bitcore-node":"/Users/bpmj/dev/bitcore/packages/bitcore-node/node_modules/@bitpay-labs/crypto-wallet-core"}
[links] Internal workspace "@bitpay-labs/crypto-wallet-core" is reachable through multiple distinct lexical symlink aliases from different consumers.
    workspace: @bitpay-labs/crypto-wallet-core
    consumer: packages/bitcore-cli
    expected: "/Users/bpmj/dev/bitcore/packages/crypto-wallet-core"
    observed: {"packages/bitcore-cli":"/Users/bpmj/dev/bitcore/packages/bitcore-cli/node_modules/@bitpay-labs/crypto-wallet-core","packages/bitcore-tss":"/Users/bpmj/dev/bitcore/packages/bitcore-tss/node_modules/@bitpay-labs/crypto-wallet-core"}
[links] Internal workspace "@bitpay-labs/crypto-wallet-core" is reachable through multiple distinct lexical symlink aliases from different consumers.
    workspace: @bitpay-labs/crypto-wallet-core
    consumer: packages/bitcore-cli
    expected: "/Users/bpmj/dev/bitcore/packages/crypto-wallet-core"
    observed: {"packages/bitcore-cli":"/Users/bpmj/dev/bitcore/packages/bitcore-cli/node_modules/@bitpay-labs/crypto-wallet-core","packages/bitcore-wallet-client":"/Users/bpmj/dev/bitcore/packages/bitcore-wallet-client/node_modules/@bitpay-labs/crypto-wallet-core"}
[links] Internal workspace "@bitpay-labs/crypto-wallet-core" is reachable through multiple distinct lexical symlink aliases from different consumers.
    workspace: @bitpay-labs/crypto-wallet-core
    consumer: packages/bitcore-cli
    expected: "/Users/bpmj/dev/bitcore/packages/crypto-wallet-core"
    observed: {"packages/bitcore-cli":"/Users/bpmj/dev/bitcore/packages/bitcore-cli/node_modules/@bitpay-labs/crypto-wallet-core","packages/bitcore-wallet-service":"/Users/bpmj/dev/bitcore/packages/bitcore-wallet-service/node_modules/@bitpay-labs/crypto-wallet-core"}
[links] Internal workspace "@bitpay-labs/crypto-wallet-core" is reachable through multiple distinct lexical symlink aliases from different consumers.
    workspace: @bitpay-labs/crypto-wallet-core
    consumer: packages/bitcore-cli
    expected: "/Users/bpmj/dev/bitcore/packages/crypto-wallet-core"
    observed: {"packages/bitcore-cli":"/Users/bpmj/dev/bitcore/packages/bitcore-cli/node_modules/@bitpay-labs/crypto-wallet-core","packages/crypto-rpc":"/Users/bpmj/dev/bitcore/packages/crypto-rpc/node_modules/@bitpay-labs/crypto-wallet-core"}
[links] Internal workspace "@bitpay-labs/bitcore-wallet-service" is reachable through multiple distinct lexical symlink aliases from different consumers.
    workspace: @bitpay-labs/bitcore-wallet-service
    consumer: packages/bitcore-cli
    expected: "/Users/bpmj/dev/bitcore/packages/bitcore-wallet-service"
    observed: {"packages/bitcore-cli":"/Users/bpmj/dev/bitcore/packages/bitcore-cli/node_modules/@bitpay-labs/bitcore-wallet-service","packages/bitcore-wallet-client":"/Users/bpmj/dev/bitcore/packages/bitcore-wallet-client/node_modules/@bitpay-labs/bitcore-wallet-service"}
[links] Internal workspace "@bitpay-labs/bitcore-build" is reachable through multiple distinct lexical symlink aliases from different consumers.
    workspace: @bitpay-labs/bitcore-build
    consumer: packages/bitcore-lib
    expected: "/Users/bpmj/dev/bitcore/packages/bitcore-build"
    observed: {"packages/bitcore-lib":"/Users/bpmj/dev/bitcore/packages/bitcore-lib/node_modules/@bitpay-labs/bitcore-build","packages/bitcore-lib-cash":"/Users/bpmj/dev/bitcore/packages/bitcore-lib-cash/node_modules/@bitpay-labs/bitcore-build"}
[links] Internal workspace "@bitpay-labs/bitcore-build" is reachable through multiple distinct lexical symlink aliases from different consumers.
    workspace: @bitpay-labs/bitcore-build
    consumer: packages/bitcore-lib
    expected: "/Users/bpmj/dev/bitcore/packages/bitcore-build"
    observed: {"packages/bitcore-lib":"/Users/bpmj/dev/bitcore/packages/bitcore-lib/node_modules/@bitpay-labs/bitcore-build","packages/bitcore-lib-doge":"/Users/bpmj/dev/bitcore/packages/bitcore-lib-doge/node_modules/@bitpay-labs/bitcore-build"}
[links] Internal workspace "@bitpay-labs/bitcore-build" is reachable through multiple distinct lexical symlink aliases from different consumers.
    workspace: @bitpay-labs/bitcore-build
    consumer: packages/bitcore-lib
    expected: "/Users/bpmj/dev/bitcore/packages/bitcore-build"
    observed: {"packages/bitcore-lib":"/Users/bpmj/dev/bitcore/packages/bitcore-lib/node_modules/@bitpay-labs/bitcore-build","packages/bitcore-lib-ltc":"/Users/bpmj/dev/bitcore/packages/bitcore-lib-ltc/node_modules/@bitpay-labs/bitcore-build"}
[links] Internal workspace "@bitpay-labs/bitcore-build" is reachable through multiple distinct lexical symlink aliases from different consumers.
    workspace: @bitpay-labs/bitcore-build
    consumer: packages/bitcore-lib
    expected: "/Users/bpmj/dev/bitcore/packages/bitcore-build"
    observed: {"packages/bitcore-lib":"/Users/bpmj/dev/bitcore/packages/bitcore-lib/node_modules/@bitpay-labs/bitcore-build","packages/bitcore-mnemonic":"/Users/bpmj/dev/bitcore/packages/bitcore-mnemonic/node_modules/@bitpay-labs/bitcore-build"}
[links] Internal workspace "@bitpay-labs/bitcore-build" is reachable through multiple distinct lexical symlink aliases from different consumers.
    workspace: @bitpay-labs/bitcore-build
    consumer: packages/bitcore-lib
    expected: "/Users/bpmj/dev/bitcore/packages/bitcore-build"
    observed: {"packages/bitcore-lib":"/Users/bpmj/dev/bitcore/packages/bitcore-lib/node_modules/@bitpay-labs/bitcore-build","packages/bitcore-p2p":"/Users/bpmj/dev/bitcore/packages/bitcore-p2p/node_modules/@bitpay-labs/bitcore-build"}
[links] Internal workspace "@bitpay-labs/bitcore-build" is reachable through multiple distinct lexical symlink aliases from different consumers.
    workspace: @bitpay-labs/bitcore-build
    consumer: packages/bitcore-lib
    expected: "/Users/bpmj/dev/bitcore/packages/bitcore-build"
    observed: {"packages/bitcore-lib":"/Users/bpmj/dev/bitcore/packages/bitcore-lib/node_modules/@bitpay-labs/bitcore-build","packages/bitcore-p2p-cash":"/Users/bpmj/dev/bitcore/packages/bitcore-p2p-cash/node_modules/@bitpay-labs/bitcore-build"}
[links] Internal workspace "@bitpay-labs/bitcore-build" is reachable through multiple distinct lexical symlink aliases from different consumers.
    workspace: @bitpay-labs/bitcore-build
    consumer: packages/bitcore-lib
    expected: "/Users/bpmj/dev/bitcore/packages/bitcore-build"
    observed: {"packages/bitcore-lib":"/Users/bpmj/dev/bitcore/packages/bitcore-lib/node_modules/@bitpay-labs/bitcore-build","packages/bitcore-p2p-doge":"/Users/bpmj/dev/bitcore/packages/bitcore-p2p-doge/node_modules/@bitpay-labs/bitcore-build"}
[links] Internal workspace "@bitpay-labs/bitcore-lib" is reachable through multiple distinct lexical symlink aliases from different consumers.
    workspace: @bitpay-labs/bitcore-lib
    consumer: packages/bitcore-mnemonic
    expected: "/Users/bpmj/dev/bitcore/packages/bitcore-lib"
    observed: {"packages/bitcore-mnemonic":"/Users/bpmj/dev/bitcore/packages/bitcore-mnemonic/node_modules/@bitpay-labs/bitcore-lib","packages/bitcore-node":"/Users/bpmj/dev/bitcore/packages/bitcore-node/node_modules/@bitpay-labs/bitcore-lib"}
[links] Internal workspace "@bitpay-labs/bitcore-lib" is reachable through multiple distinct lexical symlink aliases from different consumers.
    workspace: @bitpay-labs/bitcore-lib
    consumer: packages/bitcore-mnemonic
    expected: "/Users/bpmj/dev/bitcore/packages/bitcore-lib"
    observed: {"packages/bitcore-mnemonic":"/Users/bpmj/dev/bitcore/packages/bitcore-mnemonic/node_modules/@bitpay-labs/bitcore-lib","packages/bitcore-p2p":"/Users/bpmj/dev/bitcore/packages/bitcore-p2p/node_modules/@bitpay-labs/bitcore-lib"}
[links] Internal workspace "@bitpay-labs/bitcore-lib" is reachable through multiple distinct lexical symlink aliases from different consumers.
    workspace: @bitpay-labs/bitcore-lib
    consumer: packages/bitcore-mnemonic
    expected: "/Users/bpmj/dev/bitcore/packages/bitcore-lib"
    observed: {"packages/bitcore-mnemonic":"/Users/bpmj/dev/bitcore/packages/bitcore-mnemonic/node_modules/@bitpay-labs/bitcore-lib","packages/bitcore-p2p-cash":"/Users/bpmj/dev/bitcore/packages/bitcore-p2p-cash/node_modules/@bitpay-labs/bitcore-lib"}
[links] Internal workspace "@bitpay-labs/bitcore-lib" is reachable through multiple distinct lexical symlink aliases from different consumers.
    workspace: @bitpay-labs/bitcore-lib
    consumer: packages/bitcore-mnemonic
    expected: "/Users/bpmj/dev/bitcore/packages/bitcore-lib"
    observed: {"packages/bitcore-mnemonic":"/Users/bpmj/dev/bitcore/packages/bitcore-mnemonic/node_modules/@bitpay-labs/bitcore-lib","packages/bitcore-tss":"/Users/bpmj/dev/bitcore/packages/bitcore-tss/node_modules/@bitpay-labs/bitcore-lib"}
[links] Internal workspace "@bitpay-labs/bitcore-lib" is reachable through multiple distinct lexical symlink aliases from different consumers.
    workspace: @bitpay-labs/bitcore-lib
    consumer: packages/bitcore-mnemonic
    expected: "/Users/bpmj/dev/bitcore/packages/bitcore-lib"
    observed: {"packages/bitcore-mnemonic":"/Users/bpmj/dev/bitcore/packages/bitcore-mnemonic/node_modules/@bitpay-labs/bitcore-lib","packages/crypto-wallet-core":"/Users/bpmj/dev/bitcore/packages/crypto-wallet-core/node_modules/@bitpay-labs/bitcore-lib"}
[links] Internal workspace "@bitpay-labs/bitcore-lib-cash" is reachable through multiple distinct lexical symlink aliases from different consumers.
    workspace: @bitpay-labs/bitcore-lib-cash
    consumer: packages/bitcore-node
    expected: "/Users/bpmj/dev/bitcore/packages/bitcore-lib-cash"
    observed: {"packages/bitcore-node":"/Users/bpmj/dev/bitcore/packages/bitcore-node/node_modules/@bitpay-labs/bitcore-lib-cash","packages/bitcore-p2p-cash":"/Users/bpmj/dev/bitcore/packages/bitcore-p2p-cash/node_modules/@bitpay-labs/bitcore-lib-cash"}
[links] Internal workspace "@bitpay-labs/bitcore-lib-cash" is reachable through multiple distinct lexical symlink aliases from different consumers.
    workspace: @bitpay-labs/bitcore-lib-cash
    consumer: packages/bitcore-node
    expected: "/Users/bpmj/dev/bitcore/packages/bitcore-lib-cash"
    observed: {"packages/bitcore-node":"/Users/bpmj/dev/bitcore/packages/bitcore-node/node_modules/@bitpay-labs/bitcore-lib-cash","packages/crypto-wallet-core":"/Users/bpmj/dev/bitcore/packages/crypto-wallet-core/node_modules/@bitpay-labs/bitcore-lib-cash"}
[links] Internal workspace "@bitpay-labs/bitcore-lib-doge" is reachable through multiple distinct lexical symlink aliases from different consumers.
    workspace: @bitpay-labs/bitcore-lib-doge
    consumer: packages/bitcore-node
    expected: "/Users/bpmj/dev/bitcore/packages/bitcore-lib-doge"
    observed: {"packages/bitcore-node":"/Users/bpmj/dev/bitcore/packages/bitcore-node/node_modules/@bitpay-labs/bitcore-lib-doge","packages/bitcore-p2p-doge":"/Users/bpmj/dev/bitcore/packages/bitcore-p2p-doge/node_modules/@bitpay-labs/bitcore-lib-doge"}
[links] Internal workspace "@bitpay-labs/bitcore-lib-doge" is reachable through multiple distinct lexical symlink aliases from different consumers.
    workspace: @bitpay-labs/bitcore-lib-doge
    consumer: packages/bitcore-node
    expected: "/Users/bpmj/dev/bitcore/packages/bitcore-lib-doge"
    observed: {"packages/bitcore-node":"/Users/bpmj/dev/bitcore/packages/bitcore-node/node_modules/@bitpay-labs/bitcore-lib-doge","packages/crypto-wallet-core":"/Users/bpmj/dev/bitcore/packages/crypto-wallet-core/node_modules/@bitpay-labs/bitcore-lib-doge"}
[links] Internal workspace "@bitpay-labs/bitcore-lib-ltc" is reachable through multiple distinct lexical symlink aliases from different consumers.
    workspace: @bitpay-labs/bitcore-lib-ltc
    consumer: packages/bitcore-node
    expected: "/Users/bpmj/dev/bitcore/packages/bitcore-lib-ltc"
    observed: {"packages/bitcore-node":"/Users/bpmj/dev/bitcore/packages/bitcore-node/node_modules/@bitpay-labs/bitcore-lib-ltc","packages/crypto-wallet-core":"/Users/bpmj/dev/bitcore/packages/crypto-wallet-core/node_modules/@bitpay-labs/bitcore-lib-ltc"}
[links] Internal workspace "@bitpay-labs/bitcore-logging" is reachable through multiple distinct lexical symlink aliases from different consumers.
    workspace: @bitpay-labs/bitcore-logging
    consumer: packages/bitcore-node
    expected: "/Users/bpmj/dev/bitcore/packages/bitcore-logging"
    observed: {"packages/bitcore-node":"/Users/bpmj/dev/bitcore/packages/bitcore-node/node_modules/@bitpay-labs/bitcore-logging","packages/bitcore-wallet-service":"/Users/bpmj/dev/bitcore/packages/bitcore-wallet-service/node_modules/@bitpay-labs/bitcore-logging"}
[links] Internal workspace "@bitpay-labs/bitcore-tss" is reachable through multiple distinct lexical symlink aliases from different consumers.
    workspace: @bitpay-labs/bitcore-tss
    consumer: packages/bitcore-wallet-client
    expected: "/Users/bpmj/dev/bitcore/packages/bitcore-tss"
    observed: {"packages/bitcore-wallet-client":"/Users/bpmj/dev/bitcore/packages/bitcore-wallet-client/node_modules/@bitpay-labs/bitcore-tss","packages/bitcore-wallet-service":"/Users/bpmj/dev/bitcore/packages/bitcore-wallet-service/node_modules/@bitpay-labs/bitcore-tss"}
