
/Users/bpmj/dev/bitcore/scripts/workspaces/check-runtime.cjs
  9:23  warning  A `require()` style import is forbidden  @typescript-eslint/no-require-imports

/Users/bpmj/dev/bitcore/scripts/workspaces/lib/artifacts.cjs
  3:23  warning  A `require()` style import is forbidden  @typescript-eslint/no-require-imports
  4:20  warning  A `require()` style import is forbidden  @typescript-eslint/no-require-imports
  5:12  warning  A `require()` style import is forbidden  @typescript-eslint/no-require-imports
  6:14  warning  A `require()` style import is forbidden  @typescript-eslint/no-require-imports
  7:33  warning  A `require()` style import is forbidden  @typescript-eslint/no-require-imports
  8:51  warning  A `require()` style import is forbidden  @typescript-eslint/no-require-imports

/Users/bpmj/dev/bitcore/scripts/workspaces/lib/engines.cjs
   3:12  warning  A `require()` style import is forbidden  @typescript-eslint/no-require-imports
   4:14  warning  A `require()` style import is forbidden  @typescript-eslint/no-require-imports
   5:54  warning  A `require()` style import is forbidden  @typescript-eslint/no-require-imports
   6:45  warning  A `require()` style import is forbidden  @typescript-eslint/no-require-imports
  27:18  warning  A `require()` style import is forbidden  @typescript-eslint/no-require-imports

/Users/bpmj/dev/bitcore/scripts/workspaces/lib/links.cjs
  3:12  warning  A `require()` style import is forbidden  @typescript-eslint/no-require-imports
  4:14  warning  A `require()` style import is forbidden  @typescript-eslint/no-require-imports
  5:33  warning  A `require()` style import is forbidden  @typescript-eslint/no-require-imports
  6:76  warning  A `require()` style import is forbidden  @typescript-eslint/no-require-imports

/Users/bpmj/dev/bitcore/scripts/workspaces/lib/lock.cjs
  3:12  warning  A `require()` style import is forbidden  @typescript-eslint/no-require-imports
  4:14  warning  A `require()` style import is forbidden  @typescript-eslint/no-require-imports
  5:57  warning  A `require()` style import is forbidden  @typescript-eslint/no-require-imports
  6:45  warning  A `require()` style import is forbidden  @typescript-eslint/no-require-imports

/Users/bpmj/dev/bitcore/scripts/workspaces/lib/manifests.cjs
    3:12  warning  A `require()` style import is forbidden  @typescript-eslint/no-require-imports
    4:14  warning  A `require()` style import is forbidden  @typescript-eslint/no-require-imports
   12:5   warning  A `require()` style import is forbidden  @typescript-eslint/no-require-imports
   13:86  warning  A `require()` style import is forbidden  @typescript-eslint/no-require-imports
  223:18  warning  A `require()` style import is forbidden  @typescript-eslint/no-require-imports

/Users/bpmj/dev/bitcore/scripts/workspaces/lib/util.cjs
  3:12  warning  A `require()` style import is forbidden  @typescript-eslint/no-require-imports
  4:14  warning  A `require()` style import is forbidden  @typescript-eslint/no-require-imports

/Users/bpmj/dev/bitcore/scripts/workspaces/verify.cjs
  17:14  warning  A `require()` style import is forbidden  @typescript-eslint/no-require-imports
  59:16  warning  A `require()` style import is forbidden  @typescript-eslint/no-require-imports
  61:16  warning  A `require()` style import is forbidden  @typescript-eslint/no-require-imports
  63:16  warning  A `require()` style import is forbidden  @typescript-eslint/no-require-imports
  65:16  warning  A `require()` style import is forbidden  @typescript-eslint/no-require-imports
  67:16  warning  A `require()` style import is forbidden  @typescript-eslint/no-require-imports

/Users/bpmj/dev/bitcore/test/workspaces/artifacts.test.cjs
  3:16  warning  A `require()` style import is forbidden  @typescript-eslint/no-require-imports
  4:26  warning  A `require()` style import is forbidden  @typescript-eslint/no-require-imports
  5:12  warning  A `require()` style import is forbidden  @typescript-eslint/no-require-imports
  6:14  warning  A `require()` style import is forbidden  @typescript-eslint/no-require-imports
  7:14  warning  A `require()` style import is forbidden  @typescript-eslint/no-require-imports
  8:49  warning  A `require()` style import is forbidden  @typescript-eslint/no-require-imports
  9:59  warning  A `require()` style import is forbidden  @typescript-eslint/no-require-imports

/Users/bpmj/dev/bitcore/test/workspaces/check-runtime.test.cjs
  3:16  warning  A `require()` style import is forbidden  @typescript-eslint/no-require-imports
  4:14  warning  A `require()` style import is forbidden  @typescript-eslint/no-require-imports
  5:29  warning  A `require()` style import is forbidden  @typescript-eslint/no-require-imports

/Users/bpmj/dev/bitcore/test/workspaces/engines.test.cjs
  3:16  warning  A `require()` style import is forbidden  @typescript-eslint/no-require-imports
  4:12  warning  A `require()` style import is forbidden  @typescript-eslint/no-require-imports
  5:14  warning  A `require()` style import is forbidden  @typescript-eslint/no-require-imports
  6:14  warning  A `require()` style import is forbidden  @typescript-eslint/no-require-imports
  7:74  warning  A `require()` style import is forbidden  @typescript-eslint/no-require-imports
  8:36  warning  A `require()` style import is forbidden  @typescript-eslint/no-require-imports

/Users/bpmj/dev/bitcore/test/workspaces/helpers.cjs
  10:12  warning  A `require()` style import is forbidden  @typescript-eslint/no-require-imports
  11:12  warning  A `require()` style import is forbidden  @typescript-eslint/no-require-imports
  12:14  warning  A `require()` style import is forbidden  @typescript-eslint/no-require-imports

/Users/bpmj/dev/bitcore/test/workspaces/links.test.cjs
  3:16  warning  A `require()` style import is forbidden  @typescript-eslint/no-require-imports
  4:12  warning  A `require()` style import is forbidden  @typescript-eslint/no-require-imports
  5:14  warning  A `require()` style import is forbidden  @typescript-eslint/no-require-imports
  6:14  warning  A `require()` style import is forbidden  @typescript-eslint/no-require-imports
  7:40  warning  A `require()` style import is forbidden  @typescript-eslint/no-require-imports
  8:48  warning  A `require()` style import is forbidden  @typescript-eslint/no-require-imports

/Users/bpmj/dev/bitcore/test/workspaces/lock.test.cjs
   3:16  warning  A `require()` style import is forbidden  @typescript-eslint/no-require-imports
   4:12  warning  A `require()` style import is forbidden  @typescript-eslint/no-require-imports
   5:14  warning  A `require()` style import is forbidden  @typescript-eslint/no-require-imports
   6:14  warning  A `require()` style import is forbidden  @typescript-eslint/no-require-imports
  15:5   warning  A `require()` style import is forbidden  @typescript-eslint/no-require-imports
  16:50  warning  A `require()` style import is forbidden  @typescript-eslint/no-require-imports

/Users/bpmj/dev/bitcore/test/workspaces/manifests.test.cjs
   3:16  warning  A `require()` style import is forbidden  @typescript-eslint/no-require-imports
   4:14  warning  A `require()` style import is forbidden  @typescript-eslint/no-require-imports
   5:14  warning  A `require()` style import is forbidden  @typescript-eslint/no-require-imports
   6:48  warning  A `require()` style import is forbidden  @typescript-eslint/no-require-imports
  15:5   warning  A `require()` style import is forbidden  @typescript-eslint/no-require-imports
  16:36  warning  A `require()` style import is forbidden  @typescript-eslint/no-require-imports
  17:50  warning  A `require()` style import is forbidden  @typescript-eslint/no-require-imports

✖ 71 problems (0 errors, 71 warnings)

