[verify:lock] FAIL (36 problem(s)):
[lock] Root lock has no package record for an expected workspace.
    workspace: packages/bitcore-build
    expected: "packages[\"packages/bitcore-build\"] present"
    observed: "missing"
[lock] Root lock has no package record for an expected workspace.
    workspace: packages/bitcore-cli
    expected: "packages[\"packages/bitcore-cli\"] present"
    observed: "missing"
[lock] Root lock has no package record for an expected workspace.
    workspace: packages/bitcore-client
    expected: "packages[\"packages/bitcore-client\"] present"
    observed: "missing"
[lock] Root lock has no package record for an expected workspace.
    workspace: packages/bitcore-lib
    expected: "packages[\"packages/bitcore-lib\"] present"
    observed: "missing"
[lock] Root lock has no package record for an expected workspace.
    workspace: packages/bitcore-lib-cash
    expected: "packages[\"packages/bitcore-lib-cash\"] present"
    observed: "missing"
[lock] Root lock has no package record for an expected workspace.
    workspace: packages/bitcore-lib-doge
    expected: "packages[\"packages/bitcore-lib-doge\"] present"
    observed: "missing"
[lock] Root lock has no package record for an expected workspace.
    workspace: packages/bitcore-lib-ltc
    expected: "packages[\"packages/bitcore-lib-ltc\"] present"
    observed: "missing"
[lock] Root lock has no package record for an expected workspace.
    workspace: packages/bitcore-logging
    expected: "packages[\"packages/bitcore-logging\"] present"
    observed: "missing"
[lock] Root lock has no package record for an expected workspace.
    workspace: packages/bitcore-mnemonic
    expected: "packages[\"packages/bitcore-mnemonic\"] present"
    observed: "missing"
[lock] Root lock has no package record for an expected workspace.
    workspace: packages/bitcore-node
    expected: "packages[\"packages/bitcore-node\"] present"
    observed: "missing"
[lock] Root lock has no package record for an expected workspace.
    workspace: packages/bitcore-p2p
    expected: "packages[\"packages/bitcore-p2p\"] present"
    observed: "missing"
[lock] Root lock has no package record for an expected workspace.
    workspace: packages/bitcore-p2p-cash
    expected: "packages[\"packages/bitcore-p2p-cash\"] present"
    observed: "missing"
[lock] Root lock has no package record for an expected workspace.
    workspace: packages/bitcore-p2p-doge
    expected: "packages[\"packages/bitcore-p2p-doge\"] present"
    observed: "missing"
[lock] Root lock has no package record for an expected workspace.
    workspace: packages/bitcore-tss
    expected: "packages[\"packages/bitcore-tss\"] present"
    observed: "missing"
[lock] Root lock has no package record for an expected workspace.
    workspace: packages/bitcore-wallet-client
    expected: "packages[\"packages/bitcore-wallet-client\"] present"
    observed: "missing"
[lock] Root lock has no package record for an expected workspace.
    workspace: packages/bitcore-wallet-service
    expected: "packages[\"packages/bitcore-wallet-service\"] present"
    observed: "missing"
[lock] Root lock has no package record for an expected workspace.
    workspace: packages/crypto-rpc
    expected: "packages[\"packages/crypto-rpc\"] present"
    observed: "missing"
[lock] Root lock has no package record for an expected workspace.
    workspace: packages/crypto-wallet-core
    expected: "packages[\"packages/crypto-wallet-core\"] present"
    observed: "missing"
[lock] A backend workspace still has its own child lockfile; only the root lock should own installation.
    workspace: packages/bitcore-build
    expected: "no package-lock.json"
    observed: "packages/bitcore-build/package-lock.json"
[lock] A backend workspace still has its own child lockfile; only the root lock should own installation.
    workspace: packages/bitcore-cli
    expected: "no package-lock.json"
    observed: "packages/bitcore-cli/package-lock.json"
[lock] A backend workspace still has its own child lockfile; only the root lock should own installation.
    workspace: packages/bitcore-client
    expected: "no package-lock.json"
    observed: "packages/bitcore-client/package-lock.json"
[lock] A backend workspace still has its own child lockfile; only the root lock should own installation.
    workspace: packages/bitcore-lib
    expected: "no package-lock.json"
    observed: "packages/bitcore-lib/package-lock.json"
[lock] A backend workspace still has its own child lockfile; only the root lock should own installation.
    workspace: packages/bitcore-lib-cash
    expected: "no package-lock.json"
    observed: "packages/bitcore-lib-cash/package-lock.json"
[lock] A backend workspace still has its own child lockfile; only the root lock should own installation.
    workspace: packages/bitcore-lib-doge
    expected: "no package-lock.json"
    observed: "packages/bitcore-lib-doge/package-lock.json"
[lock] A backend workspace still has its own child lockfile; only the root lock should own installation.
    workspace: packages/bitcore-lib-ltc
    expected: "no package-lock.json"
    observed: "packages/bitcore-lib-ltc/package-lock.json"
[lock] A backend workspace still has its own child lockfile; only the root lock should own installation.
    workspace: packages/bitcore-logging
    expected: "no package-lock.json"
    observed: "packages/bitcore-logging/package-lock.json"
[lock] A backend workspace still has its own child lockfile; only the root lock should own installation.
    workspace: packages/bitcore-mnemonic
    expected: "no package-lock.json"
    observed: "packages/bitcore-mnemonic/package-lock.json"
[lock] A backend workspace still has its own child lockfile; only the root lock should own installation.
    workspace: packages/bitcore-node
    expected: "no package-lock.json"
    observed: "packages/bitcore-node/package-lock.json"
[lock] A backend workspace still has its own child lockfile; only the root lock should own installation.
    workspace: packages/bitcore-p2p
    expected: "no package-lock.json"
    observed: "packages/bitcore-p2p/package-lock.json"
[lock] A backend workspace still has its own child lockfile; only the root lock should own installation.
    workspace: packages/bitcore-p2p-cash
    expected: "no package-lock.json"
    observed: "packages/bitcore-p2p-cash/package-lock.json"
[lock] A backend workspace still has its own child lockfile; only the root lock should own installation.
    workspace: packages/bitcore-p2p-doge
    expected: "no package-lock.json"
    observed: "packages/bitcore-p2p-doge/package-lock.json"
[lock] A backend workspace still has its own child lockfile; only the root lock should own installation.
    workspace: packages/bitcore-tss
    expected: "no package-lock.json"
    observed: "packages/bitcore-tss/package-lock.json"
[lock] A backend workspace still has its own child lockfile; only the root lock should own installation.
    workspace: packages/bitcore-wallet-client
    expected: "no package-lock.json"
    observed: "packages/bitcore-wallet-client/package-lock.json"
[lock] A backend workspace still has its own child lockfile; only the root lock should own installation.
    workspace: packages/bitcore-wallet-service
    expected: "no package-lock.json"
    observed: "packages/bitcore-wallet-service/package-lock.json"
[lock] A backend workspace still has its own child lockfile; only the root lock should own installation.
    workspace: packages/crypto-rpc
    expected: "no package-lock.json"
    observed: "packages/crypto-rpc/package-lock.json"
[lock] A backend workspace still has its own child lockfile; only the root lock should own installation.
    workspace: packages/crypto-wallet-core
    expected: "no package-lock.json"
    observed: "packages/crypto-wallet-core/package-lock.json"
