[verify:manifests] FAIL (31 problem(s)):
[manifests] Root package.json declares no `workspaces` array.
    expected: ["packages/bitcore-build","packages/bitcore-cli","packages/bitcore-client","packages/bitcore-lib","packages/bitcore-lib-cash","packages/bitcore-lib-doge","packages/bitcore-lib-ltc","packages/bitcore-logging","packages/bitcore-mnemonic","packages/bitcore-node","packages/bitcore-p2p","packages/bitcore-p2p-cash","packages/bitcore-p2p-doge","packages/bitcore-tss","packages/bitcore-wallet-client","packages/bitcore-wallet-service","packages/crypto-rpc","packages/crypto-wallet-core"]
[manifests] Root package name mismatch.
    expected: "bitcore-monorepo"
[manifests] Root package.json must be private.
    expected: true
[manifests] Root engines.node policy mismatch.
    expected: ">=22 <23"
    observed: "^22"
[manifests] Root packageManager mismatch.
    expected: "npm@10.9.2"
[manifests] Root script "preinstall" does not match the target contract.
    expected: "node scripts/workspaces/check-runtime.cjs"
[manifests] Root script "postinstall" does not match the target contract.
    expected: "node scripts/workspaces/verify.cjs engines && npm run compile"
    observed: "npm run bootstrap && npm run compile"
[manifests] Root script "compile" does not match the target contract.
    expected: "node scripts/workspaces/compile.cjs"
    observed: "lerna run compile"
[manifests] Root script "node" does not match the target contract.
    expected: "npm start --workspace=@bitpay-labs/bitcore-node --"
    observed: "cd packages/bitcore-node && npm start"
[manifests] Root script "bws" does not match the target contract.
    expected: "npm start --workspace=@bitpay-labs/bitcore-wallet-service --"
    observed: "cd packages/bitcore-wallet-service && npm start"
[manifests] Root script "watch" does not match the target contract.
    expected: "npm run watch --workspace=@bitpay-labs/bitcore-client --"
    observed: "lerna run watch --parallel"
[manifests] Root script "build:docker" does not match the target contract.
    expected: "npm run build:docker --workspace=@bitpay-labs/bitcore-node && npm run build:docker --workspace=@bitpay-labs/bitcore-wallet-service"
    observed: "lerna run build:docker --concurrency 1 --stream"
[manifests] Root script "insight:install" does not match the target contract.
    expected: "npm --prefix packages/insight ci --workspaces=false"
[manifests] Root script "insight:build" does not match the target contract.
    expected: "npm run insight:install && npm --prefix packages/insight run build --workspaces=false"
    observed: "cd ./packages/insight && npm i && npm run build"
[manifests] Root script "test:bitcore-client" does not match the target contract.
    expected: "npm run compile && npm run test --workspace=@bitpay-labs/bitcore-client --"
    observed: "cd ./packages/bitcore-client && npm run test"
[manifests] Root script "test:bitcore-cli" does not match the target contract.
    expected: "npm run test --workspace=@bitpay-labs/bitcore-cli --"
    observed: "cd ./packages/bitcore-cli && npm run test"
[manifests] Root script "test:bitcore-lib" does not match the target contract.
    expected: "npm run test --workspace=@bitpay-labs/bitcore-lib --"
    observed: "cd ./packages/bitcore-lib && npm run test"
[manifests] Root script "test:bitcore-lib-cash" does not match the target contract.
    expected: "npm run test --workspace=@bitpay-labs/bitcore-lib-cash --"
    observed: "cd ./packages/bitcore-lib-cash && npm run test"
[manifests] Root script "test:bitcore-lib-doge" does not match the target contract.
    expected: "npm run test --workspace=@bitpay-labs/bitcore-lib-doge --"
    observed: "cd ./packages/bitcore-lib-doge && npm run test"
[manifests] Root script "test:bitcore-lib-ltc" does not match the target contract.
    expected: "npm run test --workspace=@bitpay-labs/bitcore-lib-ltc --"
    observed: "cd ./packages/bitcore-lib-ltc && npm run test"
[manifests] Root script "test:bitcore-logging" does not match the target contract.
    expected: "npm run test --workspace=@bitpay-labs/bitcore-logging --"
    observed: "cd ./packages/bitcore-logging && npm run test"
[manifests] Root script "test:bitcore-mnemonic" does not match the target contract.
    expected: "npm run test --workspace=@bitpay-labs/bitcore-mnemonic --"
    observed: "cd ./packages/bitcore-mnemonic && npm run test"
[manifests] Root script "test:bitcore-node" does not match the target contract.
    expected: "npm run test --workspace=@bitpay-labs/bitcore-node --"
    observed: "cd ./packages/bitcore-node && npm run test"
[manifests] Root script "test:bitcore-p2p" does not match the target contract.
    expected: "npm run test --workspace=@bitpay-labs/bitcore-p2p --"
    observed: "cd ./packages/bitcore-p2p && npm run test"
[manifests] Root script "test:bitcore-p2p-cash" does not match the target contract.
    expected: "npm run test --workspace=@bitpay-labs/bitcore-p2p-cash --"
    observed: "cd ./packages/bitcore-p2p-cash && npm run test"
[manifests] Root script "test:bitcore-p2p-doge" does not match the target contract.
    expected: "npm run test --workspace=@bitpay-labs/bitcore-p2p-doge --"
    observed: "cd ./packages/bitcore-p2p-doge && npm run test"
[manifests] Root script "test:bitcore-tss" does not match the target contract.
    expected: "npm run test --workspace=@bitpay-labs/bitcore-tss --"
    observed: "cd ./packages/bitcore-tss && npm run test"
[manifests] Root script "test:bitcore-wallet-service" does not match the target contract.
    expected: "npm run test --workspace=@bitpay-labs/bitcore-wallet-service --"
    observed: "cd ./packages/bitcore-wallet-service && npm run test"
[manifests] Root script "test:bitcore-wallet-client" does not match the target contract.
    expected: "npm run test --workspace=@bitpay-labs/bitcore-wallet-client --"
    observed: "cd ./packages/bitcore-wallet-client && npm run test"
[manifests] Root script "test:crypto-rpc" does not match the target contract.
    expected: "npm run test --workspace=@bitpay-labs/crypto-rpc --"
    observed: "cd ./packages/crypto-rpc && npm run test"
[manifests] Root script "test:crypto-wallet-core" does not match the target contract.
    expected: "npm run test --workspace=@bitpay-labs/crypto-wallet-core --"
    observed: "cd ./packages/crypto-wallet-core && npm run test"
