bitcore@8.25.8 /Users/bpmj/dev/bitcore
├─┬ eslint-plugin-import@2.32.0
│ └── semver@6.3.1
├─┬ husky@2.7.0
│ ├─┬ execa@1.0.0
│ │ └─┬ cross-spawn@6.0.5
│ │   └── semver@5.7.2
│ └─┬ read-pkg@5.2.0
│   └─┬ normalize-package-data@2.5.0
│     └── semver@5.7.2
├─┬ lerna@5.6.2
│ ├─┬ @lerna/add@5.6.2
│ │ ├─┬ npm-package-arg@8.1.1
│ │ │ └── semver@7.8.5 deduped
│ │ ├─┬ pacote@13.6.2
│ │ │ ├─┬ @npmcli/git@3.0.2
│ │ │ │ └── semver@7.8.5 deduped
│ │ │ ├─┬ @npmcli/run-script@4.2.1
│ │ │ │ └─┬ node-gyp@9.4.1
│ │ │ │   └── semver@7.8.5 deduped
│ │ │ ├─┬ cacache@16.1.3
│ │ │ │ └─┬ @npmcli/fs@2.1.2
│ │ │ │   └── semver@7.8.5 deduped
│ │ │ ├─┬ npm-package-arg@9.1.2
│ │ │ │ └── semver@7.8.5 deduped
│ │ │ ├─┬ npm-pick-manifest@7.0.2
│ │ │ │ ├─┬ npm-package-arg@9.1.2
│ │ │ │ │ └── semver@7.8.5 deduped
│ │ │ │ └── semver@7.8.5 deduped
│ │ │ └─┬ read-package-json@5.0.2
│ │ │   └─┬ normalize-package-data@4.0.1
│ │ │     └── semver@7.8.5 deduped
│ │ └── semver@7.8.5 deduped
│ ├─┬ @lerna/bootstrap@5.6.2
│ │ ├─┬ @lerna/has-npm-version@5.6.2
│ │ │ └── semver@7.8.5 deduped
│ │ ├─┬ @lerna/npm-install@5.6.2
│ │ │ └─┬ write-pkg@4.0.0
│ │ │   └─┬ write-json-file@3.2.0
│ │ │     └─┬ make-dir@2.1.0
│ │ │       └── semver@5.7.2
│ │ ├─┬ @lerna/package-graph@5.6.2
│ │ │ └── semver@7.8.5 deduped
│ │ ├─┬ @npmcli/arborist@5.3.0
│ │ │ ├─┬ @npmcli/metavuln-calculator@3.1.1
│ │ │ │ └── semver@7.8.5 deduped
│ │ │ ├─┬ npm-install-checks@5.0.0
│ │ │ │ └── semver@7.8.5 deduped
│ │ │ ├─┬ npm-package-arg@9.1.2
│ │ │ │ └── semver@7.8.5 deduped
│ │ │ └── semver@7.8.5 deduped
│ │ └── semver@7.8.5 deduped
│ ├─┬ @lerna/create@5.6.2
│ │ ├─┬ init-package-json@3.0.2
│ │ │ ├─┬ npm-package-arg@9.1.2
│ │ │ │ └── semver@7.8.5 deduped
│ │ │ └── semver@7.8.5 deduped
│ │ ├── semver@7.8.5 deduped
│ │ └─┬ validate-npm-package-name@4.0.0
│ │   └─┬ builtins@5.1.0
│ │     └── semver@7.8.5 deduped
│ ├─┬ @lerna/publish@5.6.2
│ │ ├─┬ @lerna/npm-publish@5.6.2
│ │ │ └─┬ libnpmpublish@6.0.5
│ │ │   ├─┬ normalize-package-data@4.0.1
│ │ │   │ └── semver@7.8.5 deduped
│ │ │   ├─┬ npm-package-arg@9.1.2
│ │ │   │ └── semver@7.8.5 deduped
│ │ │   └── semver@7.8.5 deduped
│ │ ├─┬ @lerna/prerelease-id-from-version@5.6.2
│ │ │ └── semver@7.8.5 deduped
│ │ ├─┬ libnpmaccess@6.0.4
│ │ │ └─┬ npm-package-arg@9.1.2
│ │ │   └── semver@7.8.5 deduped
│ │ ├─┬ npm-registry-fetch@13.3.1
│ │ │ └─┬ npm-package-arg@9.1.2
│ │ │   └── semver@7.8.5 deduped
│ │ └── semver@7.8.5 deduped
│ ├─┬ @lerna/version@5.6.2
│ │ ├─┬ @lerna/conventional-commits@5.6.2
│ │ │ ├─┬ conventional-changelog-core@4.2.4
│ │ │ │ ├─┬ conventional-changelog-writer@5.0.1
│ │ │ │ │ └── semver@6.3.1
│ │ │ │ ├─┬ git-semver-tags@4.1.1
│ │ │ │ │ └── semver@6.3.1
│ │ │ │ └─┬ normalize-package-data@3.0.3
│ │ │ │   └── semver@7.8.5 deduped
│ │ │ ├─┬ conventional-recommended-bump@6.1.0
│ │ │ │ └─┬ meow@8.1.2
│ │ │ │   ├─┬ normalize-package-data@3.0.3
│ │ │ │   │ └── semver@7.8.5 deduped
│ │ │ │   └─┬ read-pkg-up@7.0.1
│ │ │ │     └─┬ read-pkg@5.2.0
│ │ │ │       └─┬ normalize-package-data@2.5.0
│ │ │ │         └── semver@5.7.2
│ │ │ └── semver@7.8.5 deduped
│ │ └── semver@7.8.5 deduped
│ ├─┬ @nrwl/devkit@15.9.7
│ │ └── semver@7.5.4
│ └─┬ nx@15.9.7
│   └── semver@7.5.4
├─┬ nyc@18.0.0
│ ├─┬ istanbul-lib-instrument@6.0.3
│ │ ├─┬ @babel/core@7.29.0
│ │ │ ├─┬ @babel/helper-compilation-targets@7.28.6
│ │ │ │ └── semver@6.3.1
│ │ │ └── semver@6.3.1
│ │ └── semver@7.8.5 deduped
│ ├─┬ istanbul-lib-report@3.0.1
│ │ └─┬ make-dir@4.0.0
│ │   └── semver@7.8.5 deduped
│ └─┬ make-dir@3.1.0
│   └── semver@6.3.1
├── semver@7.8.5
└─┬ typescript-eslint@8.46.0
  └─┬ @typescript-eslint/typescript-estree@8.46.0
    └── semver@7.8.5 deduped

